node.exe : npm warn Unknown env config "devdir". This will stop working in the next major version of npm.
At C:\Program Files\nodejs\npm.ps1:29 char:3
+   & $NODE_EXE $NPM_CLI_JS $args
+   ~~~~~~~~~~~~~~~~~~~~~~~~~~~~~
    + CategoryInfo          : NotSpecified: (npm warn Unknow...version of npm.:String) [], RemoteException
    + FullyQualifiedErrorId : NativeCommandError
 

> frontend@0.0.0 build
> tsc -b && vite build

vite v8.1.4 building client environment for production...
[2K
transforming...Ô£ô 1847 modules transformed.
rendering chunks...
computing gzip size...
dist/index.html                   0.53 kB Ôöé gzip:  0.33 kB
dist/assets/index-CEm_cOgO.css   34.66 kB Ôöé gzip:  6.55 kB
dist/assets/index-C23Gj-hJ.js   277.68 kB Ôöé gzip: 89.21 kB

Ô£ô built in 8.22s
